Resource\Texture\$.png $
Resource\Texture\2.png 2
Resource\Texture\africa_map.png africa_map
Resource\Texture\amount.png amount
Resource\Texture\bar.png bar
Resource\Texture\bar_button.png bar_button
Resource\Texture\black.png black
Resource\Texture\button.png button
Resource\Texture\clear.png clear
Resource\Texture\day.png day
Resource\Texture\dialog.png dialog
Resource\Texture\diamond.png diamond
Resource\Texture\exit.png exit
Resource\Texture\fail.png fail
Resource\Texture\minecart.png minecart
Resource\Texture\minecart_body.png minecart_body
Resource\Texture\minecart_wheel_strip2.png minecart_wheel_strip2
Resource\Texture\minecar_wheel1.png minecar_wheel1
Resource\Texture\minecar_wheel2.png minecar_wheel2
Resource\Texture\miner.png miner
Resource\Texture\miner_2.png miner_2
Resource\Texture\miner_expert.png miner_expert
Resource\Texture\miner_professional.png miner_professional
Resource\Texture\mine_entry.png mine_entry
Resource\Texture\mine_entry2.png mine_entry2
Resource\Texture\money.png money
Resource\Texture\numbers.png numbers
Resource\Texture\number_black.png number_black
Resource\Texture\poster_expert.png poster_expert
Resource\Texture\poster_professional.png poster_professional
Resource\Texture\poster_worker.png poster_worker
Resource\Texture\progress.png progress
Resource\Texture\progressbar.png progressbar
Resource\Texture\progress_cursor.png progress_cursor
Resource\Texture\progress_gauge.png progress_gauge
Resource\Texture\progress_outline.png progress_outline
Resource\Texture\progress_scale.png progress_scale
Resource\Texture\progress_scale_o.png progress_scale_o
Resource\Texture\rect.png rect
Resource\Texture\report.png report
Resource\Texture\return.png return
Resource\Texture\rip.png rip
Resource\Texture\safe.png safe
Resource\Texture\select_arrow.png select_arrow
Resource\Texture\start.png start
Resource\Texture\stop.png stop
Resource\Texture\title.png title
Resource\Texture\기본포스터.png 기본포스터
Resource\Texture\배경.png 배경
Resource\Texture\포스터.png 포스터
